
> last-man-standing@0.0.0 build
> tsc -b && vite build

NODE_ENV=production is not supported in the .env file. Only NODE_ENV=development is supported to create a development build of your project. If you need to set process.env.NODE_ENV, you can set it in the Vite config instead.
[36mvite v7.1.12 [32mbuilding for production...[36m[39m
[baseline-browser-mapping] The data in this module is over two months old.  To ensure accurate Baseline data, please update: `npm i baseline-browser-mapping@latest -D`
transforming...
Browserslist: browsers data (caniuse-lite) is 8 months old. Please run:
  npx update-browserslist-db@latest
  Why you should do it regularly: https://github.com/browserslist/update-db#readme
[32m✓[39m 457 modules transformed.
rendering chunks...
computing gzip size...
[2mdist/[22m[32mindex.html                 [39m[1m[2m    2.74 kB[22m[1m[22m[2m │ gzip:   1.10 kB[22m
[2mdist/[22m[35massets/index-DuJ_B7Y8.css  [39m[1m[2m   41.44 kB[22m[1m[22m[2m │ gzip:   7.49 kB[22m
[2mdist/[22m[36massets/index-BHo5yMTj.js   [39m[1m[33m1,013.18 kB[39m[22m[2m │ gzip: 310.21 kB[22m
[33m
(!) Some chunks are larger than 500 kB after minification. Consider:
- Using dynamic import() to code-split the application
- Use build.rollupOptions.output.manualChunks to improve chunking: https://rollupjs.org/configuration-options/#output-manualchunks
- Adjust chunk size limit for this warning via build.chunkSizeWarningLimit.[39m
[32m✓ built in 28.41s[39m
